// Jest Snapshot v1, https://goo.gl/fbAQLP

exports[`icon 是个svg 1`] = `
<svg
  className="universe-icon"
>
  <use
    xlinkHref="#alipay"
  />
</svg>
`;
